2026-07-24 17:13:29,294 INFO Version [background-preinit] HV000001: Hibernate Validator 8.0.3.Final
2026-07-24 17:13:29,357 INFO StartupInfoLogger [restartedMain] Starting Application using Java 25.0.2 with PID 9852 (/Users/kamran/workspace/idea/docman-ai/docman-api/target/classes started by kamran in /Users/kamran/workspace/idea/docman-ai/docman-api)
2026-07-24 17:13:29,361 DEBUG StartupInfoLogger [restartedMain] Running with Spring Boot v3.5.13, Spring v6.2.17
2026-07-24 17:13:29,363 INFO SpringApplication [restartedMain] No active profile set, falling back to 1 default profile: "default"
2026-07-24 17:13:29,425 INFO LogLevel [restartedMain] Devtools property defaults active! Set 'spring.devtools.add-properties' to 'false' to disable
2026-07-24 17:13:29,425 INFO LogLevel [restartedMain] For additional web related logging consider setting the 'logging.level.web' property to 'DEBUG'
2026-07-24 17:13:30,370 INFO RepositoryConfigurationDelegate [restartedMain] Bootstrapping Spring Data MongoDB repositories in DEFAULT mode.
2026-07-24 17:13:30,566 INFO RepositoryConfigurationDelegate [restartedMain] Finished Spring Data repository scanning in 189 ms. Found 2 MongoDB repository interfaces.
2026-07-24 17:13:32,059 INFO TomcatWebServer [restartedMain] Tomcat initialized with port 8081 (http)
2026-07-24 17:13:32,081 INFO DirectJDKLog [restartedMain] Initializing ProtocolHandler ["http-nio-8081"]
2026-07-24 17:13:32,086 INFO DirectJDKLog [restartedMain] Starting service [Tomcat]
2026-07-24 17:13:32,086 INFO DirectJDKLog [restartedMain] Starting Servlet engine: [Apache Tomcat/10.1.53]
2026-07-24 17:13:32,152 INFO DirectJDKLog [restartedMain] Initializing Spring embedded WebApplicationContext
2026-07-24 17:13:32,153 INFO ServletWebServerApplicationContext [restartedMain] Root WebApplicationContext: initialization completed in 2726 ms
2026-07-24 17:13:32,613 INFO SLF4JLogger [restartedMain] MongoClient with metadata {"driver": {"name": "mongo-java-driver|sync|spring-boot", "version": "5.5.2"}, "os": {"type": "Darwin", "name": "Mac OS X", "architecture": "x86_64", "version": "15.7.7"}, "platform": "Java/Oracle Corporation/25.0.2+10-LTS-69"} created with settings MongoClientSettings{readPreference=primary, writeConcern=WriteConcern{w=null, wTimeout=null ms, journal=null}, retryWrites=true, retryReads=true, readConcern=ReadConcern{level=null}, credential=null, transportSettings=null, commandListeners=[io.micrometer.core.instrument.binder.mongodb.MongoMetricsCommandListener@770ac749], codecRegistry=ProvidersCodecRegistry{codecProviders=[ValueCodecProvider{}, BsonValueCodecProvider{}, DBRefCodecProvider{}, DBObjectCodecProvider{}, DocumentCodecProvider{}, CollectionCodecProvider{}, IterableCodecProvider{}, MapCodecProvider{}, GeoJsonCodecProvider{}, GridFSFileCodecProvider{}, Jsr310CodecProvider{}, JsonObjectCodecProvider{}, BsonCodecProvider{}, EnumCodecProvider{}, com.mongodb.client.model.mql.ExpressionCodecProvider@5a29064a, com.mongodb.Jep395RecordCodecProvider@6a9ae03, com.mongodb.KotlinCodecProvider@6f87fc2a]}, loggerSettings=LoggerSettings{maxDocumentLength=1000}, clusterSettings={hosts=[localhost:27017], srvServiceName=mongodb, mode=SINGLE, requiredClusterType=UNKNOWN, requiredReplicaSetName='null', serverSelector='null', clusterListeners='[]', serverSelectionTimeout='30000 ms', localThreshold='15 ms'}, socketSettings=SocketSettings{connectTimeoutMS=10000, readTimeoutMS=0, receiveBufferSize=0, proxySettings=ProxySettings{host=null, port=null, username=null, password=null}}, heartbeatSocketSettings=SocketSettings{connectTimeoutMS=10000, readTimeoutMS=10000, receiveBufferSize=0, proxySettings=ProxySettings{host=null, port=null, username=null, password=null}}, connectionPoolSettings=ConnectionPoolSettings{maxSize=100, minSize=0, maxWaitTimeMS=120000, maxConnectionLifeTimeMS=0, maxConnectionIdleTimeMS=0, maintenanceInitialDelayMS=0, maintenanceFrequencyMS=60000, connectionPoolListeners=[io.micrometer.core.instrument.binder.mongodb.MongoMetricsConnectionPoolListener@4e965e1c], maxConnecting=2}, serverSettings=ServerSettings{heartbeatFrequencyMS=10000, minHeartbeatFrequencyMS=500, serverMonitoringMode=AUTO, serverListeners='[]', serverMonitorListeners='[]'}, sslSettings=SslSettings{enabled=false, invalidHostNameAllowed=false, context=null}, applicationName='null', compressorList=[], uuidRepresentation=JAVA_LEGACY, serverApi=null, autoEncryptionSettings=null, dnsClient=null, inetAddressResolver=null, contextProvider=null, timeoutMS=null}
2026-07-24 17:13:32,650 INFO SLF4JLogger [cluster-ClusterId{value='6a63109c3812624e350e1fee', description='null'}-localhost:27017] Monitor thread successfully connected to server with description ServerDescription{address=localhost:27017, type=STANDALONE, cryptd=false, state=CONNECTED, ok=true, minWireVersion=0, maxWireVersion=27, maxDocumentSize=16777216, logicalSessionTimeoutMinutes=30, roundTripTimeNanos=27602191, minRoundTripTimeNanos=0}
2026-07-24 17:13:32,758 INFO OptionalLiveReloadServer [restartedMain] LiveReload server is running on port 35729
2026-07-24 17:13:35,434 INFO WorkflowServiceStubsImpl [restartedMain] Created WorkflowServiceStubs for channel: ManagedChannelOrphanWrapper{delegate=ManagedChannelImpl{logId=1, target=localhost:7233}}
2026-07-24 17:13:35,893 INFO WorkersTemplate [restartedMain] Creating a worker with default settings for a task queue 'documents' caused by an auto-discovered workflow class class org.kamranzafar.docman.wf.impl.DocumentWorkflowImpl
2026-07-24 17:13:35,937 INFO WorkersTemplate [restartedMain] Registering auto-discovered workflow class class org.kamranzafar.docman.wf.impl.DocumentWorkflowImpl on a worker  with a task queue 'documents'
2026-07-24 17:13:35,941 INFO WorkersTemplate [restartedMain] Registering auto-discovered activity bean 'documentActivitiesImpl' of class class org.kamranzafar.docman.wf.impl.DocumentActivitiesImpl on a worker  with a task queue 'documents'
2026-07-24 17:13:36,252 INFO EndpointLinksResolver [restartedMain] Exposing 1 endpoint beneath base path '/actuator'
2026-07-24 17:13:36,302 INFO AbstractConfig [restartedMain] AdminClientConfig values: 
	auto.include.jmx.reporter = true
	bootstrap.controllers = []
	bootstrap.servers = [localhost:9092]
	client.dns.lookup = use_all_dns_ips
	client.id = 
	connections.max.idle.ms = 300000
	default.api.timeout.ms = 60000
	enable.metrics.push = true
	metadata.max.age.ms = 300000
	metadata.recovery.strategy = none
	metric.reporters = []
	metrics.num.samples = 2
	metrics.recording.level = INFO
	metrics.sample.window.ms = 30000
	receive.buffer.bytes = 65536
	reconnect.backoff.max.ms = 1000
	reconnect.backoff.ms = 50
	request.timeout.ms = 30000
	retries = 2147483647
	retry.backoff.max.ms = 1000
	retry.backoff.ms = 100
	sasl.client.callback.handler.class = null
	sasl.jaas.config = null
	sasl.kerberos.kinit.cmd = /usr/bin/kinit
	sasl.kerberos.min.time.before.relogin = 60000
	sasl.kerberos.service.name = null
	sasl.kerberos.ticket.renew.jitter = 0.05
	sasl.kerberos.ticket.renew.window.factor = 0.8
	sasl.login.callback.handler.class = null
	sasl.login.class = null
	sasl.login.connect.timeout.ms = null
	sasl.login.read.timeout.ms = null
	sasl.login.refresh.buffer.seconds = 300
	sasl.login.refresh.min.period.seconds = 60
	sasl.login.refresh.window.factor = 0.8
	sasl.login.refresh.window.jitter = 0.05
	sasl.login.retry.backoff.max.ms = 10000
	sasl.login.retry.backoff.ms = 100
	sasl.mechanism = GSSAPI
	sasl.oauthbearer.clock.skew.seconds = 30
	sasl.oauthbearer.expected.audience = null
	sasl.oauthbearer.expected.issuer = null
	sasl.oauthbearer.header.urlencode = false
	sasl.oauthbearer.jwks.endpoint.refresh.ms = 3600000
	sasl.oauthbearer.jwks.endpoint.retry.backoff.max.ms = 10000
	sasl.oauthbearer.jwks.endpoint.retry.backoff.ms = 100
	sasl.oauthbearer.jwks.endpoint.url = null
	sasl.oauthbearer.scope.claim.name = scope
	sasl.oauthbearer.sub.claim.name = sub
	sasl.oauthbearer.token.endpoint.url = null
	security.protocol = PLAINTEXT
	security.providers = null
	send.buffer.bytes = 131072
	socket.connection.setup.timeout.max.ms = 30000
	socket.connection.setup.timeout.ms = 10000
	ssl.cipher.suites = null
	ssl.enabled.protocols = [TLSv1.2, TLSv1.3]
	ssl.endpoint.identification.algorithm = https
	ssl.engine.factory.class = null
	ssl.key.password = null
	ssl.keymanager.algorithm = SunX509
	ssl.keystore.certificate.chain = null
	ssl.keystore.key = null
	ssl.keystore.location = null
	ssl.keystore.password = null
	ssl.keystore.type = JKS
	ssl.protocol = TLSv1.3
	ssl.provider = null
	ssl.secure.random.implementation = null
	ssl.trustmanager.algorithm = PKIX
	ssl.truststore.certificates = null
	ssl.truststore.location = null
	ssl.truststore.password = null
	ssl.truststore.type = JKS

2026-07-24 17:13:36,511 INFO AppInfoParser$AppInfo [restartedMain] Kafka version: 3.9.2
2026-07-24 17:13:36,512 INFO AppInfoParser$AppInfo [restartedMain] Kafka commitId: 5e9866f43ab8e7e4
2026-07-24 17:13:36,512 INFO AppInfoParser$AppInfo [restartedMain] Kafka startTimeMs: 1784877216510
2026-07-24 17:13:37,180 INFO AppInfoParser [kafka-admin-client-thread | adminclient-1] App info kafka.admin.client for adminclient-1 unregistered
2026-07-24 17:13:37,185 INFO Metrics [kafka-admin-client-thread | adminclient-1] Metrics scheduler closed
2026-07-24 17:13:37,185 INFO Metrics [kafka-admin-client-thread | adminclient-1] Closing reporter org.apache.kafka.common.metrics.JmxReporter
2026-07-24 17:13:37,186 INFO Metrics [kafka-admin-client-thread | adminclient-1] Metrics reporters closed
2026-07-24 17:13:37,282 INFO DirectJDKLog [restartedMain] Starting ProtocolHandler ["http-nio-8081"]
2026-07-24 17:13:37,301 INFO TomcatWebServer [restartedMain] Tomcat started on port 8081 (http) with context path '/'
2026-07-24 17:13:37,334 INFO AbstractConfig [restartedMain] ConsumerConfig values: 
	allow.auto.create.topics = true
	auto.commit.interval.ms = 5000
	auto.include.jmx.reporter = true
	auto.offset.reset = latest
	bootstrap.servers = [localhost:9092]
	check.crcs = true
	client.dns.lookup = use_all_dns_ips
	client.id = consumer-docman-index-sync-1
	client.rack = 
	connections.max.idle.ms = 540000
	default.api.timeout.ms = 60000
	enable.auto.commit = false
	enable.metrics.push = true
	exclude.internal.topics = true
	fetch.max.bytes = 52428800
	fetch.max.wait.ms = 500
	fetch.min.bytes = 1
	group.id = docman-index-sync
	group.instance.id = null
	group.protocol = classic
	group.remote.assignor = null
	heartbeat.interval.ms = 3000
	interceptor.classes = []
	internal.leave.group.on.close = true
	internal.throw.on.fetch.stable.offset.unsupported = false
	isolation.level = read_uncommitted
	key.deserializer = class org.apache.kafka.common.serialization.StringDeserializer
	max.partition.fetch.bytes = 1048576
	max.poll.interval.ms = 300000
	max.poll.records = 500
	metadata.max.age.ms = 300000
	metadata.recovery.strategy = none
	metric.reporters = []
	metrics.num.samples = 2
	metrics.recording.level = INFO
	metrics.sample.window.ms = 30000
	partition.assignment.strategy = [class org.apache.kafka.clients.consumer.RangeAssignor, class org.apache.kafka.clients.consumer.CooperativeStickyAssignor]
	receive.buffer.bytes = 65536
	reconnect.backoff.max.ms = 1000
	reconnect.backoff.ms = 50
	request.timeout.ms = 30000
	retry.backoff.max.ms = 1000
	retry.backoff.ms = 100
	sasl.client.callback.handler.class = null
	sasl.jaas.config = null
	sasl.kerberos.kinit.cmd = /usr/bin/kinit
	sasl.kerberos.min.time.before.relogin = 60000
	sasl.kerberos.service.name = null
	sasl.kerberos.ticket.renew.jitter = 0.05
	sasl.kerberos.ticket.renew.window.factor = 0.8
	sasl.login.callback.handler.class = null
	sasl.login.class = null
	sasl.login.connect.timeout.ms = null
	sasl.login.read.timeout.ms = null
	sasl.login.refresh.buffer.seconds = 300
	sasl.login.refresh.min.period.seconds = 60
	sasl.login.refresh.window.factor = 0.8
	sasl.login.refresh.window.jitter = 0.05
	sasl.login.retry.backoff.max.ms = 10000
	sasl.login.retry.backoff.ms = 100
	sasl.mechanism = GSSAPI
	sasl.oauthbearer.clock.skew.seconds = 30
	sasl.oauthbearer.expected.audience = null
	sasl.oauthbearer.expected.issuer = null
	sasl.oauthbearer.header.urlencode = false
	sasl.oauthbearer.jwks.endpoint.refresh.ms = 3600000
	sasl.oauthbearer.jwks.endpoint.retry.backoff.max.ms = 10000
	sasl.oauthbearer.jwks.endpoint.retry.backoff.ms = 100
	sasl.oauthbearer.jwks.endpoint.url = null
	sasl.oauthbearer.scope.claim.name = scope
	sasl.oauthbearer.sub.claim.name = sub
	sasl.oauthbearer.token.endpoint.url = null
	security.protocol = PLAINTEXT
	security.providers = null
	send.buffer.bytes = 131072
	session.timeout.ms = 45000
	socket.connection.setup.timeout.max.ms = 30000
	socket.connection.setup.timeout.ms = 10000
	ssl.cipher.suites = null
	ssl.enabled.protocols = [TLSv1.2, TLSv1.3]
	ssl.endpoint.identification.algorithm = https
	ssl.engine.factory.class = null
	ssl.key.password = null
	ssl.keymanager.algorithm = SunX509
	ssl.keystore.certificate.chain = null
	ssl.keystore.key = null
	ssl.keystore.location = null
	ssl.keystore.password = null
	ssl.keystore.type = JKS
	ssl.protocol = TLSv1.3
	ssl.provider = null
	ssl.secure.random.implementation = null
	ssl.trustmanager.algorithm = PKIX
	ssl.truststore.certificates = null
	ssl.truststore.location = null
	ssl.truststore.password = null
	ssl.truststore.type = JKS
	value.deserializer = class org.apache.kafka.common.serialization.StringDeserializer

2026-07-24 17:13:37,400 INFO KafkaMetricsCollector$StateLedger [restartedMain] initializing Kafka metrics collector
2026-07-24 17:13:37,469 INFO AppInfoParser$AppInfo [restartedMain] Kafka version: 3.9.2
2026-07-24 17:13:37,469 INFO AppInfoParser$AppInfo [restartedMain] Kafka commitId: 5e9866f43ab8e7e4
2026-07-24 17:13:37,469 INFO AppInfoParser$AppInfo [restartedMain] Kafka startTimeMs: 1784877217468
2026-07-24 17:13:37,472 INFO ClassicKafkaConsumer [restartedMain] [Consumer clientId=consumer-docman-index-sync-1, groupId=docman-index-sync] Subscribed to topic(s): document-metadata-sync
2026-07-24 17:13:37,487 INFO AbstractConfig [restartedMain] ConsumerConfig values: 
	allow.auto.create.topics = true
	auto.commit.interval.ms = 5000
	auto.include.jmx.reporter = true
	auto.offset.reset = latest
	bootstrap.servers = [localhost:9092]
	check.crcs = true
	client.dns.lookup = use_all_dns_ips
	client.id = consumer-docman-2
	client.rack = 
	connections.max.idle.ms = 540000
	default.api.timeout.ms = 60000
	enable.auto.commit = false
	enable.metrics.push = true
	exclude.internal.topics = true
	fetch.max.bytes = 52428800
	fetch.max.wait.ms = 500
	fetch.min.bytes = 1
	group.id = docman
	group.instance.id = null
	group.protocol = classic
	group.remote.assignor = null
	heartbeat.interval.ms = 3000
	interceptor.classes = []
	internal.leave.group.on.close = true
	internal.throw.on.fetch.stable.offset.unsupported = false
	isolation.level = read_uncommitted
	key.deserializer = class org.apache.kafka.common.serialization.StringDeserializer
	max.partition.fetch.bytes = 1048576
	max.poll.interval.ms = 300000
	max.poll.records = 500
	metadata.max.age.ms = 300000
	metadata.recovery.strategy = none
	metric.reporters = []
	metrics.num.samples = 2
	metrics.recording.level = INFO
	metrics.sample.window.ms = 30000
	partition.assignment.strategy = [class org.apache.kafka.clients.consumer.RangeAssignor, class org.apache.kafka.clients.consumer.CooperativeStickyAssignor]
	receive.buffer.bytes = 65536
	reconnect.backoff.max.ms = 1000
	reconnect.backoff.ms = 50
	request.timeout.ms = 30000
	retry.backoff.max.ms = 1000
	retry.backoff.ms = 100
	sasl.client.callback.handler.class = null
	sasl.jaas.config = null
	sasl.kerberos.kinit.cmd = /usr/bin/kinit
	sasl.kerberos.min.time.before.relogin = 60000
	sasl.kerberos.service.name = null
	sasl.kerberos.ticket.renew.jitter = 0.05
	sasl.kerberos.ticket.renew.window.factor = 0.8
	sasl.login.callback.handler.class = null
	sasl.login.class = null
	sasl.login.connect.timeout.ms = null
	sasl.login.read.timeout.ms = null
	sasl.login.refresh.buffer.seconds = 300
	sasl.login.refresh.min.period.seconds = 60
	sasl.login.refresh.window.factor = 0.8
	sasl.login.refresh.window.jitter = 0.05
	sasl.login.retry.backoff.max.ms = 10000
	sasl.login.retry.backoff.ms = 100
	sasl.mechanism = GSSAPI
	sasl.oauthbearer.clock.skew.seconds = 30
	sasl.oauthbearer.expected.audience = null
	sasl.oauthbearer.expected.issuer = null
	sasl.oauthbearer.header.urlencode = false
	sasl.oauthbearer.jwks.endpoint.refresh.ms = 3600000
	sasl.oauthbearer.jwks.endpoint.retry.backoff.max.ms = 10000
	sasl.oauthbearer.jwks.endpoint.retry.backoff.ms = 100
	sasl.oauthbearer.jwks.endpoint.url = null
	sasl.oauthbearer.scope.claim.name = scope
	sasl.oauthbearer.sub.claim.name = sub
	sasl.oauthbearer.token.endpoint.url = null
	security.protocol = PLAINTEXT
	security.providers = null
	send.buffer.bytes = 131072
	session.timeout.ms = 45000
	socket.connection.setup.timeout.max.ms = 30000
	socket.connection.setup.timeout.ms = 10000
	ssl.cipher.suites = null
	ssl.enabled.protocols = [TLSv1.2, TLSv1.3]
	ssl.endpoint.identification.algorithm = https
	ssl.engine.factory.class = null
	ssl.key.password = null
	ssl.keymanager.algorithm = SunX509
	ssl.keystore.certificate.chain = null
	ssl.keystore.key = null
	ssl.keystore.location = null
	ssl.keystore.password = null
	ssl.keystore.type = JKS
	ssl.protocol = TLSv1.3
	ssl.provider = null
	ssl.secure.random.implementation = null
	ssl.trustmanager.algorithm = PKIX
	ssl.truststore.certificates = null
	ssl.truststore.location = null
	ssl.truststore.password = null
	ssl.truststore.type = JKS
	value.deserializer = class org.apache.kafka.common.serialization.StringDeserializer

2026-07-24 17:13:37,488 INFO KafkaMetricsCollector$StateLedger [restartedMain] initializing Kafka metrics collector
2026-07-24 17:13:37,496 INFO AppInfoParser$AppInfo [restartedMain] Kafka version: 3.9.2
2026-07-24 17:13:37,496 INFO AppInfoParser$AppInfo [restartedMain] Kafka commitId: 5e9866f43ab8e7e4
2026-07-24 17:13:37,496 INFO AppInfoParser$AppInfo [restartedMain] Kafka startTimeMs: 1784877217496
2026-07-24 17:13:37,497 INFO ClassicKafkaConsumer [restartedMain] [Consumer clientId=consumer-docman-2, groupId=docman] Subscribed to topic(s): documents
2026-07-24 17:13:37,508 INFO Metadata [org.springframework.kafka.KafkaListenerEndpointContainer#0-0-C-1] [Consumer clientId=consumer-docman-index-sync-1, groupId=docman-index-sync] Cluster ID: iRHWtinYTp-GJSJ9DSBnyA
2026-07-24 17:13:37,509 INFO AbstractCoordinator$FindCoordinatorResponseHandler [org.springframework.kafka.KafkaListenerEndpointContainer#0-0-C-1] [Consumer clientId=consumer-docman-index-sync-1, groupId=docman-index-sync] Discovered group coordinator localhost:9092 (id: 2147483646 rack: null)
2026-07-24 17:13:37,509 INFO Metadata [org.springframework.kafka.KafkaListenerEndpointContainer#1-0-C-1] [Consumer clientId=consumer-docman-2, groupId=docman] Cluster ID: iRHWtinYTp-GJSJ9DSBnyA
2026-07-24 17:13:37,511 INFO AbstractCoordinator [org.springframework.kafka.KafkaListenerEndpointContainer#0-0-C-1] [Consumer clientId=consumer-docman-index-sync-1, groupId=docman-index-sync] (Re-)joining group
2026-07-24 17:13:37,513 INFO AbstractCoordinator$FindCoordinatorResponseHandler [org.springframework.kafka.KafkaListenerEndpointContainer#1-0-C-1] [Consumer clientId=consumer-docman-2, groupId=docman] Discovered group coordinator localhost:9092 (id: 2147483646 rack: null)
2026-07-24 17:13:37,513 INFO AbstractCoordinator [org.springframework.kafka.KafkaListenerEndpointContainer#1-0-C-1] [Consumer clientId=consumer-docman-2, groupId=docman] (Re-)joining group
2026-07-24 17:13:37,517 INFO StartupInfoLogger [restartedMain] Started Application in 8.833 seconds (process running for 9.903)
2026-07-24 17:13:37,538 INFO AbstractCoordinator [org.springframework.kafka.KafkaListenerEndpointContainer#1-0-C-1] [Consumer clientId=consumer-docman-2, groupId=docman] Request joining group due to: need to re-join with the given member-id: consumer-docman-2-71efd044-6c95-4bd3-a5bf-e1a5bb2e2b71
2026-07-24 17:13:37,538 INFO AbstractCoordinator [org.springframework.kafka.KafkaListenerEndpointContainer#1-0-C-1] [Consumer clientId=consumer-docman-2, groupId=docman] (Re-)joining group
2026-07-24 17:13:37,540 INFO AbstractCoordinator [org.springframework.kafka.KafkaListenerEndpointContainer#0-0-C-1] [Consumer clientId=consumer-docman-index-sync-1, groupId=docman-index-sync] Request joining group due to: need to re-join with the given member-id: consumer-docman-index-sync-1-93ec9fda-9ed5-4158-bdd8-404b204edd0c
2026-07-24 17:13:37,540 INFO AbstractCoordinator [org.springframework.kafka.KafkaListenerEndpointContainer#0-0-C-1] [Consumer clientId=consumer-docman-index-sync-1, groupId=docman-index-sync] (Re-)joining group
2026-07-24 17:13:38,058 INFO MultiThreadedPoller [restartedMain] start: MultiThreadedPoller{name=Workflow Poller taskQueue="documents", namespace="default", identity=9852@Kamrans-MacBook-Pro.local}
2026-07-24 17:13:38,067 INFO MultiThreadedPoller [restartedMain] start: MultiThreadedPoller{name=Activity Poller taskQueue="documents", namespace="default", identity=9852@Kamrans-MacBook-Pro.local}
2026-07-24 17:13:40,552 INFO AbstractCoordinator$JoinGroupResponseHandler [org.springframework.kafka.KafkaListenerEndpointContainer#1-0-C-1] [Consumer clientId=consumer-docman-2, groupId=docman] Successfully joined group with generation Generation{generationId=5, memberId='consumer-docman-2-71efd044-6c95-4bd3-a5bf-e1a5bb2e2b71', protocol='range'}
2026-07-24 17:13:40,554 INFO AbstractCoordinator$JoinGroupResponseHandler [org.springframework.kafka.KafkaListenerEndpointContainer#0-0-C-1] [Consumer clientId=consumer-docman-index-sync-1, groupId=docman-index-sync] Successfully joined group with generation Generation{generationId=5, memberId='consumer-docman-index-sync-1-93ec9fda-9ed5-4158-bdd8-404b204edd0c', protocol='range'}
2026-07-24 17:13:40,561 INFO ConsumerCoordinator [org.springframework.kafka.KafkaListenerEndpointContainer#0-0-C-1] [Consumer clientId=consumer-docman-index-sync-1, groupId=docman-index-sync] Finished assignment for group at generation 5: {consumer-docman-index-sync-1-93ec9fda-9ed5-4158-bdd8-404b204edd0c=Assignment(partitions=[document-metadata-sync-0])}
2026-07-24 17:13:40,561 INFO ConsumerCoordinator [org.springframework.kafka.KafkaListenerEndpointContainer#1-0-C-1] [Consumer clientId=consumer-docman-2, groupId=docman] Finished assignment for group at generation 5: {consumer-docman-2-71efd044-6c95-4bd3-a5bf-e1a5bb2e2b71=Assignment(partitions=[documents-0])}
2026-07-24 17:13:40,580 INFO AbstractCoordinator$SyncGroupResponseHandler [org.springframework.kafka.KafkaListenerEndpointContainer#1-0-C-1] [Consumer clientId=consumer-docman-2, groupId=docman] Successfully synced group in generation Generation{generationId=5, memberId='consumer-docman-2-71efd044-6c95-4bd3-a5bf-e1a5bb2e2b71', protocol='range'}
2026-07-24 17:13:40,580 INFO AbstractCoordinator$SyncGroupResponseHandler [org.springframework.kafka.KafkaListenerEndpointContainer#0-0-C-1] [Consumer clientId=consumer-docman-index-sync-1, groupId=docman-index-sync] Successfully synced group in generation Generation{generationId=5, memberId='consumer-docman-index-sync-1-93ec9fda-9ed5-4158-bdd8-404b204edd0c', protocol='range'}
2026-07-24 17:13:40,581 INFO ConsumerCoordinator [org.springframework.kafka.KafkaListenerEndpointContainer#1-0-C-1] [Consumer clientId=consumer-docman-2, groupId=docman] Notifying assignor about the new Assignment(partitions=[documents-0])
2026-07-24 17:13:40,581 INFO ConsumerCoordinator [org.springframework.kafka.KafkaListenerEndpointContainer#0-0-C-1] [Consumer clientId=consumer-docman-index-sync-1, groupId=docman-index-sync] Notifying assignor about the new Assignment(partitions=[document-metadata-sync-0])
2026-07-24 17:13:40,585 INFO ConsumerRebalanceListenerInvoker [org.springframework.kafka.KafkaListenerEndpointContainer#0-0-C-1] [Consumer clientId=consumer-docman-index-sync-1, groupId=docman-index-sync] Adding newly assigned partitions: document-metadata-sync-0
2026-07-24 17:13:40,585 INFO ConsumerRebalanceListenerInvoker [org.springframework.kafka.KafkaListenerEndpointContainer#1-0-C-1] [Consumer clientId=consumer-docman-2, groupId=docman] Adding newly assigned partitions: documents-0
2026-07-24 17:13:40,600 INFO ConsumerUtils [org.springframework.kafka.KafkaListenerEndpointContainer#0-0-C-1] Setting offset for partition document-metadata-sync-0 to the committed offset FetchPosition{offset=15, offsetEpoch=Optional.empty, currentLeader=LeaderAndEpoch{leader=Optional[localhost:9092 (id: 1 rack: null)], epoch=0}}
2026-07-24 17:13:40,600 INFO ConsumerUtils [org.springframework.kafka.KafkaListenerEndpointContainer#1-0-C-1] Setting offset for partition documents-0 to the committed offset FetchPosition{offset=18, offsetEpoch=Optional.empty, currentLeader=LeaderAndEpoch{leader=Optional[localhost:9092 (id: 1 rack: null)], epoch=0}}
2026-07-24 17:13:40,602 INFO LogAccessor [org.springframework.kafka.KafkaListenerEndpointContainer#0-0-C-1] docman-index-sync: partitions assigned: [document-metadata-sync-0]
2026-07-24 17:13:40,602 INFO LogAccessor [org.springframework.kafka.KafkaListenerEndpointContainer#1-0-C-1] docman: partitions assigned: [documents-0]
2026-07-24 17:13:47,608 INFO DirectJDKLog [http-nio-8081-exec-1] Initializing Spring DispatcherServlet 'dispatcherServlet'
2026-07-24 17:13:47,609 INFO FrameworkServlet [http-nio-8081-exec-1] Initializing Servlet 'dispatcherServlet'
2026-07-24 17:13:47,610 INFO FrameworkServlet [http-nio-8081-exec-1] Completed initialization in 1 ms
2026-07-24 17:13:47,681 WARN AbstractHandlerExceptionResolver [http-nio-8081-exec-1] Resolved [org.springframework.web.servlet.resource.NoResourceFoundException: No static resource document/search.]
2026-07-24 17:13:47,744 WARN AbstractHandlerExceptionResolver [http-nio-8081-exec-2] Resolved [org.kamranzafar.docman.exception.DocmanException: At least one metadata filter is mandatory]
2026-07-24 17:13:47,789 INFO DocumentServiceImpl [http-nio-8081-exec-3] Creating a new document with id 6335dbb7-5adb-4c2f-bcc2-e60b420ac7fa
2026-07-24 17:13:47,790 DEBUG DocumentServiceImpl [http-nio-8081-exec-3] Saving document with id 6335dbb7-5adb-4c2f-bcc2-e60b420ac7fa
2026-07-24 17:13:48,171 INFO DocumentServiceImpl [http-nio-8081-exec-5] Finding document metadata with id 6335dbb7-5adb-4c2f-bcc2-e60b420ac7fa
2026-07-24 17:13:48,172 INFO AbstractConfig [Activity Executor taskQueue="documents", namespace="default": 1] ProducerConfig values: 
	acks = -1
	auto.include.jmx.reporter = true
	batch.size = 16384
	bootstrap.servers = [localhost:9092]
	buffer.memory = 33554432
	client.dns.lookup = use_all_dns_ips
	client.id = producer-1
	compression.gzip.level = -1
	compression.lz4.level = 9
	compression.type = none
	compression.zstd.level = 3
	connections.max.idle.ms = 540000
	delivery.timeout.ms = 120000
	enable.idempotence = true
	enable.metrics.push = true
	interceptor.classes = []
	key.serializer = class org.apache.kafka.common.serialization.StringSerializer
	linger.ms = 0
	max.block.ms = 60000
	max.in.flight.requests.per.connection = 5
	max.request.size = 1048576
	metadata.max.age.ms = 300000
	metadata.max.idle.ms = 300000
	metadata.recovery.strategy = none
	metric.reporters = []
	metrics.num.samples = 2
	metrics.recording.level = INFO
	metrics.sample.window.ms = 30000
	partitioner.adaptive.partitioning.enable = true
	partitioner.availability.timeout.ms = 0
	partitioner.class = null
	partitioner.ignore.keys = false
	receive.buffer.bytes = 32768
	reconnect.backoff.max.ms = 1000
	reconnect.backoff.ms = 50
	request.timeout.ms = 30000
	retries = 2147483647
	retry.backoff.max.ms = 1000
	retry.backoff.ms = 100
	sasl.client.callback.handler.class = null
	sasl.jaas.config = null
	sasl.kerberos.kinit.cmd = /usr/bin/kinit
	sasl.kerberos.min.time.before.relogin = 60000
	sasl.kerberos.service.name = null
	sasl.kerberos.ticket.renew.jitter = 0.05
	sasl.kerberos.ticket.renew.window.factor = 0.8
	sasl.login.callback.handler.class = null
	sasl.login.class = null
	sasl.login.connect.timeout.ms = null
	sasl.login.read.timeout.ms = null
	sasl.login.refresh.buffer.seconds = 300
	sasl.login.refresh.min.period.seconds = 60
	sasl.login.refresh.window.factor = 0.8
	sasl.login.refresh.window.jitter = 0.05
	sasl.login.retry.backoff.max.ms = 10000
	sasl.login.retry.backoff.ms = 100
	sasl.mechanism = GSSAPI
	sasl.oauthbearer.clock.skew.seconds = 30
	sasl.oauthbearer.expected.audience = null
	sasl.oauthbearer.expected.issuer = null
	sasl.oauthbearer.header.urlencode = false
	sasl.oauthbearer.jwks.endpoint.refresh.ms = 3600000
	sasl.oauthbearer.jwks.endpoint.retry.backoff.max.ms = 10000
	sasl.oauthbearer.jwks.endpoint.retry.backoff.ms = 100
	sasl.oauthbearer.jwks.endpoint.url = null
	sasl.oauthbearer.scope.claim.name = scope
	sasl.oauthbearer.sub.claim.name = sub
	sasl.oauthbearer.token.endpoint.url = null
	security.protocol = PLAINTEXT
	security.providers = null
	send.buffer.bytes = 131072
	socket.connection.setup.timeout.max.ms = 30000
	socket.connection.setup.timeout.ms = 10000
	ssl.cipher.suites = null
	ssl.enabled.protocols = [TLSv1.2, TLSv1.3]
	ssl.endpoint.identification.algorithm = https
	ssl.engine.factory.class = null
	ssl.key.password = null
	ssl.keymanager.algorithm = SunX509
	ssl.keystore.certificate.chain = null
	ssl.keystore.key = null
	ssl.keystore.location = null
	ssl.keystore.password = null
	ssl.keystore.type = JKS
	ssl.protocol = TLSv1.3
	ssl.provider = null
	ssl.secure.random.implementation = null
	ssl.trustmanager.algorithm = PKIX
	ssl.truststore.certificates = null
	ssl.truststore.location = null
	ssl.truststore.password = null
	ssl.truststore.type = JKS
	transaction.timeout.ms = 60000
	transactional.id = null
	value.serializer = class org.apache.kafka.common.serialization.StringSerializer

2026-07-24 17:13:48,173 INFO KafkaMetricsCollector$StateLedger [Activity Executor taskQueue="documents", namespace="default": 1] initializing Kafka metrics collector
2026-07-24 17:13:48,189 INFO KafkaProducer [Activity Executor taskQueue="documents", namespace="default": 1] [Producer clientId=producer-1] Instantiated an idempotent producer.
2026-07-24 17:13:48,206 INFO AppInfoParser$AppInfo [Activity Executor taskQueue="documents", namespace="default": 1] Kafka version: 3.9.2
2026-07-24 17:13:48,206 INFO AppInfoParser$AppInfo [Activity Executor taskQueue="documents", namespace="default": 1] Kafka commitId: 5e9866f43ab8e7e4
2026-07-24 17:13:48,207 INFO AppInfoParser$AppInfo [Activity Executor taskQueue="documents", namespace="default": 1] Kafka startTimeMs: 1784877228206
2026-07-24 17:13:48,216 INFO Metadata [kafka-producer-network-thread | producer-1] [Producer clientId=producer-1] Cluster ID: iRHWtinYTp-GJSJ9DSBnyA
2026-07-24 17:13:48,219 INFO TransactionManager [kafka-producer-network-thread | producer-1] [Producer clientId=producer-1] ProducerId set to 2 with epoch 0
2026-07-24 17:13:48,246 INFO DocumentServiceImpl [http-nio-8081-exec-7] Finding document metadata with id 6335dbb7-5adb-4c2f-bcc2-e60b420ac7fa
2026-07-24 17:13:48,263 INFO KafkaConsumer [org.springframework.kafka.KafkaListenerEndpointContainer#1-0-C-1] Received Message in group docman: Document 6335dbb7-5adb-4c2f-bcc2-e60b420ac7fa: Document Created
2026-07-24 17:13:48,281 WARN WorkflowWorker$TaskHandlerImpl [Workflow Executor taskQueue="documents", namespace="default": 1] Failure while reporting workflow progress to the server. If seen continuously the workflow might be stuck. WorkflowId=doc-wf-6335dbb7-5adb-4c2f-bcc2-e60b420ac7fa-v1, RunId=019f92f9-1fdb-70ec-9c70-621dfbb4afd6, startedEventId=9
io.grpc.StatusRuntimeException: NOT_FOUND: Workflow task not found.
	at io.grpc.stub.ClientCalls.toStatusRuntimeException(ClientCalls.java:268) ~[grpc-stub-1.58.1.jar:1.58.1]
	at io.grpc.stub.ClientCalls.getUnchecked(ClientCalls.java:249) ~[grpc-stub-1.58.1.jar:1.58.1]
	at io.grpc.stub.ClientCalls.blockingUnaryCall(ClientCalls.java:167) ~[grpc-stub-1.58.1.jar:1.58.1]
	at io.temporal.api.workflowservice.v1.WorkflowServiceGrpc$WorkflowServiceBlockingStub.respondWorkflowTaskCompleted(WorkflowServiceGrpc.java:6386) ~[temporal-serviceclient-1.32.0.jar:1.32.0]
	at io.temporal.internal.worker.WorkflowWorker$TaskHandlerImpl.lambda$sendTaskCompleted$0(WorkflowWorker.java:616) [temporal-sdk-1.32.0.jar:1.32.0]
	at io.temporal.internal.retryer.GrpcSyncRetryer.retry(GrpcSyncRetryer.java:49) ~[temporal-serviceclient-1.32.0.jar:1.32.0]
	at io.temporal.internal.retryer.GrpcRetryer.retryWithResult(GrpcRetryer.java:40) ~[temporal-serviceclient-1.32.0.jar:1.32.0]
	at io.temporal.internal.worker.WorkflowWorker$TaskHandlerImpl.sendTaskCompleted(WorkflowWorker.java:611) [temporal-sdk-1.32.0.jar:1.32.0]
	at io.temporal.internal.worker.WorkflowWorker$TaskHandlerImpl.handle(WorkflowWorker.java:444) [temporal-sdk-1.32.0.jar:1.32.0]
	at io.temporal.internal.worker.WorkflowWorker$TaskHandlerImpl.handle(WorkflowWorker.java:343) [temporal-sdk-1.32.0.jar:1.32.0]
	at io.temporal.internal.worker.PollTaskExecutor.lambda$process$1(PollTaskExecutor.java:76) [temporal-sdk-1.32.0.jar:1.32.0]
	at java.base/java.util.concurrent.ThreadPoolExecutor.runWorker(ThreadPoolExecutor.java:1090) [?:?]
	at java.base/java.util.concurrent.ThreadPoolExecutor$Worker.run(ThreadPoolExecutor.java:614) [?:?]
	at java.base/java.lang.Thread.run(Thread.java:1474) [?:?]
2026-07-24 17:13:49,435 INFO DocumentIndexServiceImpl [http-nio-8081-exec-7] Deleted vector store entries for document 6335dbb7-5adb-4c2f-bcc2-e60b420ac7fa
2026-07-24 17:13:49,508 INFO DocumentServiceImpl [http-nio-8081-exec-7] Deleting document with id 6335dbb7-5adb-4c2f-bcc2-e60b420ac7fa
2026-07-24 17:13:56,619 INFO ConsumerRebalanceListenerInvoker [org.springframework.kafka.KafkaListenerEndpointContainer#0-0-C-1] [Consumer clientId=consumer-docman-index-sync-1, groupId=docman-index-sync] Revoke previously assigned partitions document-metadata-sync-0
2026-07-24 17:13:56,619 INFO ConsumerRebalanceListenerInvoker [org.springframework.kafka.KafkaListenerEndpointContainer#1-0-C-1] [Consumer clientId=consumer-docman-2, groupId=docman] Revoke previously assigned partitions documents-0
2026-07-24 17:13:56,620 INFO LogAccessor [org.springframework.kafka.KafkaListenerEndpointContainer#1-0-C-1] docman: partitions revoked: [documents-0]
2026-07-24 17:13:56,620 INFO LogAccessor [org.springframework.kafka.KafkaListenerEndpointContainer#0-0-C-1] docman-index-sync: partitions revoked: [document-metadata-sync-0]
2026-07-24 17:13:56,620 INFO AbstractCoordinator [org.springframework.kafka.KafkaListenerEndpointContainer#1-0-C-1] [Consumer clientId=consumer-docman-2, groupId=docman] Member consumer-docman-2-71efd044-6c95-4bd3-a5bf-e1a5bb2e2b71 sending LeaveGroup request to coordinator localhost:9092 (id: 2147483646 rack: null) due to the consumer unsubscribed from all topics
2026-07-24 17:13:56,620 INFO AbstractCoordinator [org.springframework.kafka.KafkaListenerEndpointContainer#0-0-C-1] [Consumer clientId=consumer-docman-index-sync-1, groupId=docman-index-sync] Member consumer-docman-index-sync-1-93ec9fda-9ed5-4158-bdd8-404b204edd0c sending LeaveGroup request to coordinator localhost:9092 (id: 2147483646 rack: null) due to the consumer unsubscribed from all topics
2026-07-24 17:13:56,621 INFO AbstractCoordinator [org.springframework.kafka.KafkaListenerEndpointContainer#1-0-C-1] [Consumer clientId=consumer-docman-2, groupId=docman] Resetting generation and member id due to: consumer pro-actively leaving the group
2026-07-24 17:13:56,621 INFO AbstractCoordinator [org.springframework.kafka.KafkaListenerEndpointContainer#0-0-C-1] [Consumer clientId=consumer-docman-index-sync-1, groupId=docman-index-sync] Resetting generation and member id due to: consumer pro-actively leaving the group
2026-07-24 17:13:56,621 INFO AbstractCoordinator [org.springframework.kafka.KafkaListenerEndpointContainer#1-0-C-1] [Consumer clientId=consumer-docman-2, groupId=docman] Request joining group due to: consumer pro-actively leaving the group
2026-07-24 17:13:56,621 INFO AbstractCoordinator [org.springframework.kafka.KafkaListenerEndpointContainer#0-0-C-1] [Consumer clientId=consumer-docman-index-sync-1, groupId=docman-index-sync] Request joining group due to: consumer pro-actively leaving the group
2026-07-24 17:13:56,622 INFO ClassicKafkaConsumer [org.springframework.kafka.KafkaListenerEndpointContainer#1-0-C-1] [Consumer clientId=consumer-docman-2, groupId=docman] Unsubscribed all topics or patterns and assigned partitions
2026-07-24 17:13:56,622 INFO ClassicKafkaConsumer [org.springframework.kafka.KafkaListenerEndpointContainer#0-0-C-1] [Consumer clientId=consumer-docman-index-sync-1, groupId=docman-index-sync] Unsubscribed all topics or patterns and assigned partitions
2026-07-24 17:13:56,623 INFO AbstractCoordinator [org.springframework.kafka.KafkaListenerEndpointContainer#0-0-C-1] [Consumer clientId=consumer-docman-index-sync-1, groupId=docman-index-sync] Resetting generation and member id due to: consumer pro-actively leaving the group
2026-07-24 17:13:56,623 INFO AbstractCoordinator [org.springframework.kafka.KafkaListenerEndpointContainer#1-0-C-1] [Consumer clientId=consumer-docman-2, groupId=docman] Resetting generation and member id due to: consumer pro-actively leaving the group
2026-07-24 17:13:56,623 INFO AbstractCoordinator [org.springframework.kafka.KafkaListenerEndpointContainer#0-0-C-1] [Consumer clientId=consumer-docman-index-sync-1, groupId=docman-index-sync] Request joining group due to: consumer pro-actively leaving the group
2026-07-24 17:13:56,623 INFO AbstractCoordinator [org.springframework.kafka.KafkaListenerEndpointContainer#1-0-C-1] [Consumer clientId=consumer-docman-2, groupId=docman] Request joining group due to: consumer pro-actively leaving the group
2026-07-24 17:13:56,769 INFO Metrics [org.springframework.kafka.KafkaListenerEndpointContainer#0-0-C-1] Metrics scheduler closed
2026-07-24 17:13:56,769 INFO Metrics [org.springframework.kafka.KafkaListenerEndpointContainer#0-0-C-1] Closing reporter org.apache.kafka.common.metrics.JmxReporter
2026-07-24 17:13:56,770 INFO Metrics [org.springframework.kafka.KafkaListenerEndpointContainer#0-0-C-1] Closing reporter org.apache.kafka.common.telemetry.internals.ClientTelemetryReporter
2026-07-24 17:13:56,770 INFO Metrics [org.springframework.kafka.KafkaListenerEndpointContainer#0-0-C-1] Metrics reporters closed
2026-07-24 17:13:56,774 INFO AppInfoParser [org.springframework.kafka.KafkaListenerEndpointContainer#0-0-C-1] App info kafka.consumer for consumer-docman-index-sync-1 unregistered
2026-07-24 17:13:56,774 INFO LogAccessor [org.springframework.kafka.KafkaListenerEndpointContainer#0-0-C-1] docman-index-sync: Consumer stopped
2026-07-24 17:13:56,813 INFO Metrics [org.springframework.kafka.KafkaListenerEndpointContainer#1-0-C-1] Metrics scheduler closed
2026-07-24 17:13:56,814 INFO Metrics [org.springframework.kafka.KafkaListenerEndpointContainer#1-0-C-1] Closing reporter org.apache.kafka.common.metrics.JmxReporter
2026-07-24 17:13:56,814 INFO Metrics [org.springframework.kafka.KafkaListenerEndpointContainer#1-0-C-1] Closing reporter org.apache.kafka.common.telemetry.internals.ClientTelemetryReporter
2026-07-24 17:13:56,814 INFO Metrics [org.springframework.kafka.KafkaListenerEndpointContainer#1-0-C-1] Metrics reporters closed
2026-07-24 17:13:56,817 INFO AppInfoParser [org.springframework.kafka.KafkaListenerEndpointContainer#1-0-C-1] App info kafka.consumer for consumer-docman-2 unregistered
2026-07-24 17:13:56,818 INFO LogAccessor [org.springframework.kafka.KafkaListenerEndpointContainer#1-0-C-1] docman: Consumer stopped
2026-07-24 17:13:56,820 INFO GracefulShutdown [SpringApplicationShutdownHook] Commencing graceful shutdown. Waiting for active requests to complete
2026-07-24 17:13:58,836 INFO GracefulShutdown [tomcat-shutdown] Graceful shutdown complete
2026-07-24 17:13:58,838 INFO KafkaProducer [SpringApplicationShutdownHook] [Producer clientId=producer-1] Closing the Kafka producer with timeoutMillis = 30000 ms.
2026-07-24 17:13:58,842 INFO Metrics [SpringApplicationShutdownHook] Metrics scheduler closed
2026-07-24 17:13:58,842 INFO Metrics [SpringApplicationShutdownHook] Closing reporter org.apache.kafka.common.metrics.JmxReporter
2026-07-24 17:13:58,843 INFO Metrics [SpringApplicationShutdownHook] Closing reporter org.apache.kafka.common.telemetry.internals.ClientTelemetryReporter
2026-07-24 17:13:58,843 INFO Metrics [SpringApplicationShutdownHook] Metrics reporters closed
2026-07-24 17:13:58,843 INFO AppInfoParser [SpringApplicationShutdownHook] App info kafka.producer for producer-1 unregistered
2026-07-24 17:13:58,848 INFO WorkerFactory [SpringApplicationShutdownHook] shutdown: WorkerFactory{identity=9852@Kamrans-MacBook-Pro.local}
2026-07-24 17:13:58,851 INFO BasePoller [SpringApplicationShutdownHook] shutdown: MultiThreadedPoller{name=Workflow Poller taskQueue="documents", namespace="default", identity=9852@Kamrans-MacBook-Pro.local}
2026-07-24 17:13:58,854 INFO MultiThreadedPoller$PollLoopTask [Workflow Poller taskQueue="documents", namespace="default": 1] poll loop is terminated: WorkflowPollTask
2026-07-24 17:13:58,854 INFO MultiThreadedPoller$PollLoopTask [Workflow Poller taskQueue="documents", namespace="default": 4] poll loop is terminated: WorkflowPollTask
2026-07-24 17:13:58,854 INFO MultiThreadedPoller$PollLoopTask [Workflow Poller taskQueue="documents", namespace="default": 3] poll loop is terminated: WorkflowPollTask
2026-07-24 17:13:58,854 INFO MultiThreadedPoller$PollLoopTask [Workflow Poller taskQueue="documents", namespace="default": 2] poll loop is terminated: WorkflowPollTask
2026-07-24 17:13:58,854 INFO MultiThreadedPoller$PollLoopTask [Workflow Poller taskQueue="documents", namespace="default": 5] poll loop is terminated: WorkflowPollTask
2026-07-24 17:13:58,859 INFO BasePoller [SpringApplicationShutdownHook] shutdown: MultiThreadedPoller{name=Activity Poller taskQueue="documents", namespace="default", identity=9852@Kamrans-MacBook-Pro.local}
2026-07-24 17:13:58,859 INFO MultiThreadedPoller$PollLoopTask [Activity Poller taskQueue="documents", namespace="default": 4] poll loop is terminated: ActivityPollTask
2026-07-24 17:13:58,859 INFO MultiThreadedPoller$PollLoopTask [Activity Poller taskQueue="documents", namespace="default": 2] poll loop is terminated: ActivityPollTask
2026-07-24 17:13:58,859 INFO MultiThreadedPoller$PollLoopTask [Activity Poller taskQueue="documents", namespace="default": 3] poll loop is terminated: ActivityPollTask
2026-07-24 17:13:58,859 INFO MultiThreadedPoller$PollLoopTask [Activity Poller taskQueue="documents", namespace="default": 5] poll loop is terminated: ActivityPollTask
2026-07-24 17:13:58,859 INFO MultiThreadedPoller$PollLoopTask [Activity Poller taskQueue="documents", namespace="default": 1] poll loop is terminated: ActivityPollTask
2026-07-24 17:13:58,863 INFO WorkflowServiceStubsImpl [SpringApplicationShutdownHook] shutdown
